[backblue.gif]
[fade.gif]
[index.html]
[rebellug.com/index.html]
[rebellug.com/index-2.html]
[rebellug.com/uploads/8/2/1/0/82101198/rebellug-map-w-australia_1_orig.png]
[rebellug.com/uploads/8/2/1/0/82101198/published/1465677084d2b7.png]
[rebellug.com/cdn-cgi/apps/head/VE6-XpDqu-bCkSFzp-rU3iJ89BU.js]
[rebellug.com/uploads/8/2/1/0/82101198/favicon.png]
[cdn2.editmysite.com/css/sitesd9e5.css]
[cdn2.editmysite.com/css/old/fancybox227c.css]
[cdn2.editmysite.com/css/social-icons60a7.css]
[rebellug.com/files/main_styleb77c.css]
[ajax.googleapis.com/ajax/libs/jquery/1.8.3/jquery.min.js]
[cdn2.editmysite.com/js/lang/en/stl4641.js]
[cdn2.editmysite.com/js/site/maind9e5.js]
[www.google.com/recaptcha/api.js]
[rebellug.com/members.html]
[rebellug.com/individuals_mocs.html]
[rebellug.com/collaborations.html]
[rebellug.com/news.html]
[rebellug.com/_/uploads/8/2/1/0/82101198/background-images/1122654789.jpg_]
[rebellug.com/cdn-cgi/l/email-protection.html]
[rebellug.com/cdn-cgi/scripts/d07b1474/cloudflare-static/email-decode.min.js]
[www.google-analytics.com/analytics.js]
[cdn2.editmysite.com/js/wsnbn/snowday262.js]
[secure.quantserve.com/quant.js]
[pixel.quantserve.com/pixel/p-0dYLvhSGGqUWo9731.gif]
[rebellug.com/index-2.html]
[cdn2.editmysite.com/images/util/videojs/white-bar.png]
[cdn2.editmysite.com/images/util/videojs/@2x/white-bar.png]
[cdn2.editmysite.com/images/util/videojs/gradient.png]
[cdn2.editmysite.com/images/util/videojs/@2x/gradient.png]
[cdn2.editmysite.com/sprites/util/videojs-sacae758aa2.png]
[cdn2.editmysite.com/sprites/util/videojs/@2x-s2aff7e7d9a.png]
[cdn2.editmysite.com/images/util/videojs/volume-filled.png]
[cdn2.editmysite.com/images/util/videojs/@2x/volume-filled.png]
[cdn2.editmysite.com/images/util/videojs/volume-mute.png]
[cdn2.editmysite.com/images/util/videojs/@2x/volume-mute.png]
[cdn2.editmysite.com/images/util/videojs/blue-bar.png]
[cdn2.editmysite.com/images/util/videojs/@2x/blue-bar.png]
[cdn2.editmysite.com/images/util/videojs/maximize-icon.png]
[cdn2.editmysite.com/images/util/videojs/@2x/maximize-icon.png]
[cdn2.editmysite.com/images/util/videojs/minimize-icon.png]
[cdn2.editmysite.com/images/util/videojs/@2x/minimize-icon.png]
[cdn2.editmysite.com/images/util/videojs/play-icon.png]
[cdn2.editmysite.com/images/util/videojs/@2x/play-icon.png]
[cdn2.editmysite.com/images/util/videojs/sad-face.png]
[cdn2.editmysite.com/images/util/videojs/@2x/sad-face.png]
[cdn2.editmysite.com/images/util/videojs/loading-icon.png]
[cdn2.editmysite.com/images/util/videojs/@2x/loading-icon.png]
[cdn2.editmysite.com/images/common/buttons/small_grey.png]
[cdn2.editmysite.com/images/common/buttons/small_blue.png]
[cdn2.editmysite.com/images/old/button/large_grey.png]
[cdn2.editmysite.com/images/common/buttons/large_blue.png]
[cdn2.editmysite.com/images/common/search-light.png]
[cdn2.editmysite.com/images/common/social_icons.png]
[cdn2.editmysite.com/images/common/blog/blog-comment-button.png]
[cdn2.editmysite.com/images/common/blog/blog-comment-header.png]
[cdn2.editmysite.com/images/common/blog/blog-comment-pointer.png]
[cdn2.editmysite.com/images/common/blog/blog-comment-link.png]
[cdn2.editmysite.com/images/common/blog/blog-comment-header-author.png]
[cdn2.editmysite.com/images/common/blog/blog-comment-pointer-author.png]
[cdn2.editmysite.com/images/common/blog/blog-comment-field-bg.png]
[cdn2.editmysite.com/images/common/blog/dark-blog-comment-header.png]
[cdn2.editmysite.com/images/common/blog/dark-blog-comment-pointer.png]
[cdn2.editmysite.com/images/common/blog/dark-blog-comment-header-author.png]
[cdn2.editmysite.com/images/common/blog/dark-blog-comment-pointer-author.png]
[cdn2.editmysite.com/images/common/blog/dark-blog-comment-link.png]
[cdn2.editmysite.com/images/util/general/blank.gif]
[cdn2.editmysite.com/images/common/lightbox/prevlabel.gif]
[cdn2.editmysite.com/images/common/lightbox/nextlabel.gif]
[cdn2.editmysite.com/sprites/util/inputs/checkmarkBox-s7868418152.png]
[cdn2.editmysite.com/sprites/util/inputs/checkmarkBox/@2x-s211a47d318.png]
[cdn2.editmysite.com/images/util/inputs/search-input-bg.jpg]
[cdn2.editmysite.com/images/common/magnifying-glass.png]
[cdn2.editmysite.com/images/common/checkmarks/checkmark-mini.png]
[cdn2.editmysite.com/images/common/checkmarks/@2x/checkmark-mini.png]
[cdn2.editmysite.com/images/common/search-pagination-bg.png]
[cdn2.editmysite.com/images/util/general/top-triangle-000.png]
[cdn2.editmysite.com/images/util/general/bottom-triangle-000.png]
[cdn2.editmysite.com/images/util/general/top-triangle-000@2x.png]
[cdn2.editmysite.com/images/util/general/bottom-triangle-000@2x.png]
[cdn2.editmysite.com/sprites/common/social-icons-s5ea5500bdb.png]
[cdn2.editmysite.com/sprites/common/social-icons/@2x-s0ae7d70c70.png]
[cdn2.editmysite.com/sprites/site/mini-cart-s86c48effae.png]
[cdn2.editmysite.com/sprites/site/mini-cart/@2x-s576cbc3f90.png]
[cdn2.editmysite.com/images/loading.gif]
[cdn2.editmysite.com/sprites/site/mobile/commerce-sdf6d4e852c.png]
[cdn2.editmysite.com/sprites/site/mobile/commerce/@2x-s82f968c453.png]
[cdn2.editmysite.com/images/site/checkout/paypal.png]
[cdn2.editmysite.com/images/site/checkout/@2x/paypal.png]
[cdn2.editmysite.com/images/site/checkout/credit-cards.png]
[cdn2.editmysite.com/images/site/checkout/@2x/credit-cards.png]
[cdn2.editmysite.com/images/site/checkout/print.png]
[cdn2.editmysite.com/images/site/checkout/print@2x.png]
[cdn2.editmysite.com/images/vendor/select2/select2.png]
[cdn2.editmysite.com/images/vendor/select2/select2-spinner.gif]
[cdn2.editmysite.com/images/vendor/select2/select2x2.png]
[cdn2.editmysite.com/images/util/spinner/spinner-dark.png]
[cdn2.editmysite.com/images/util/spinner/spinner-light.png]
[cdn2.editmysite.com/images/util/loading-white-w24.gif]
[cdn2.editmysite.com/images/common/form_input_bg.gif]
[cdn2.editmysite.com/sprites/site/forms-s3786257308.png]
[cdn2.editmysite.com/sprites/site/forms/@2x-s47607b315a.png]
[cdn2.editmysite.com/images/blank.gif]
[cdn2.editmysite.com/sprites/site/footer-s48158ed9f7.png]
[cdn2.editmysite.com/sprites/site/footer/@2x-s398696b4d5.png]
[cdn2.editmysite.com/images/old/photoswipe/loader.gif]
[cdn2.editmysite.com/images/old/photoswipe/error.gif]
[cdn2.editmysite.com/images/old/photoswipe/icons.png]
[cdn2.editmysite.com/images/old/photoswipe/icons@2x.png]
[cdn2.editmysite.com/css/sitesd9e5.css]
[cdn2.editmysite.com/images/old/fancybox/fancybox_sprite.png]
[cdn2.editmysite.com/images/old/fancybox/fancybox_loading.gif]
[cdn2.editmysite.com/images/old/fancybox/blank.gif]
[cdn2.editmysite.com/images/old/fancybox/fancybox_overlay.png]
[cdn2.editmysite.com/css/old/fancybox227c.css]
[cdn2.editmysite.com/css/social-icons60a7.css]
[rebellug.com/files/theme/images/default-bgb77c.jpg]
[rebellug.com/files/theme/images/select-dropdownb77c.png]
[rebellug.com/files/main_styleb77c.css]
[cdn2.editmysite.com/js/lang/en/stl4641.js]
[rebellug.com/Before you execute the binding your view must have a model or a collection]
[rebellug.com/mustache.js]
[rebellug.com/GET]
[rebellug.com/formSubmit.php]
[rebellug.com/formSubmitAjax.php]
[rebellug.com/weebly/libraries/videojs/video-js.swf]
[cdn2.editmysite.com/js/site/maind9e5.js]
[rebellug.com/uploads/8/2/1/0/82101198/published/headshotf9b2.jpg]
[rebellug.com/AppleWebKit/index.html]
[rebellug.com/Mobile/index.html]
[rebellug.com/uploads/8/2/1/0/82101198/published/square-profile7c30.jpg]
[rebellug.com/uploads/8/2/1/0/82101198/editor/20170417-23120024dc.jpg]
[rebellug.com/uploads/8/2/1/0/82101198/published/norlego1fbe.jpg]
[rebellug.com/uploads/8/2/1/0/82101198/published/drewd3f6.jpg]
[rebellug.com/uploads/8/2/1/0/82101198/published/kris_28b5a.jpg]
[rebellug.com/uploads/8/2/1/0/82101198/7019822_2.jpg]
[rebellug.com/uploads/8/2/1/0/82101198/delete2a5e0.jpg]
[rebellug.com/uploads/8/2/1/0/82101198/published/photo_1be18.jpg]
[rebellug.com/uploads/8/2/1/0/82101198/published/image-26471.jpg]
[rebellug.com/uploads/8/2/1/0/82101198/published/legological-logoff1f.jpg]
[rebellug.com/uploads/8/2/1/0/82101198/published/14724159772e46.png]
[rebellug.com/uploads/8/2/1/0/82101198/1472415874.png]
[rebellug.com/uploads/8/2/1/0/82101198/published/i2rdflf8-400x4000ac5.jpg]
[rebellug.com/uploads/8/2/1/0/82101198/editor/b-4ww6uq-400x400eb49.jpg]
[rebellug.com/uploads/8/2/1/0/82101198/published/14724160918b9a.png]
[rebellug.com/uploads/8/2/1/0/82101198/5864212.jpg]
[rebellug.com/uploads/8/2/1/0/82101198/published/1011008919.jpg]
[rebellug.com/uploads/8/2/1/0/82101198/published/photo-1cce2.jpg]
[rebellug.com/uploads/8/2/1/0/82101198/published/photo-2ab66.jpg]
[rebellug.com/uploads/8/2/1/0/82101198/published/photo-337a3.jpg]
[rebellug.com/uploads/8/2/1/0/82101198/published/photo-5d420.jpg]
[rebellug.com/uploads/8/2/1/0/82101198/published/58540306-n07-l5f79.jpg]
[rebellug.com/uploads/8/2/1/0/82101198/editor/photo-4bafb.jpg]
[rebellug.com/uploads/8/2/1/0/82101198/published/18049926-397120463991677-265720385-o75be.png]
[rebellug.com/uploads/8/2/1/0/82101198/editor/northern-bricks-cropped0581.png]
[rebellug.com/uploads/8/2/1/0/82101198/published/29269967252-54712710fb-o_1.png]
[rebellug.com/uploads/8/2/1/0/82101198/editor/img-20171103-173305-998ec17.png]
[rebellug.com/uploads/8/2/1/0/82101198/published/img-20180211-084338-57471a8.png]
[rebellug.com/uploads/8/2/1/0/82101198/published/tbf80b.jpg]
[rebellug.com/uploads/8/2/1/0/82101198/editor/imagec1d4.png]
[rebellug.com/uploads/8/2/1/0/82101198/published/image-17e236.jpg]
[rebellug.com/members.html]
[cdn2.editmysite.com/css/sites5eae.css]
[cdn2.editmysite.com/js/site/main5eae.js]
[cdn2.editmysite.com/js/lang/en/stlf8d1.js]
[rebellug.com/individuals_mocs.html]
[rebellug.com/uploads/8/2/1/0/82101198/published/kingdoms-at-war-full-white-white-dropshadow-stroke0f6c.png]
[rebellug.com/uploads/8/2/1/0/82101198/img-7831.jpg]
[rebellug.com/uploads/8/2/1/0/82101198/image-1.jpg]
[rebellug.com/uploads/8/2/1/0/82101198/published/logo-black-with-white-outlinee2f1.png]
[rebellug.com/uploads/8/2/1/0/82101198/published/order66realf5f0.png]
[rebellug.com/uploads/8/2/1/0/82101198/abc_orig.png]
[rebellug.com/_/uploads/8/2/1/0/82101198/background-images/938569086.png_]
[rebellug.com/uploads/8/2/1/0/82101198/img-7831_orig.jpg]
[rebellug.com/uploads/8/2/1/0/82101198/image-1_orig.jpg]
[rebellug.com/_/uploads/8/2/1/0/82101198/background-images/717889963.a3.delayed]
[rebellug.com/uploads/8/2/1/0/82101198/logo-black-with-white-outline_orig.png]
[rebellug.com/_/uploads/8/2/1/0/82101198/background-images/2067455585.jpg_]
[rebellug.com/_/uploads/8/2/1/0/82101198/background-images/804550967.jpg_]
[rebellug.com/_/uploads/8/2/1/0/82101198/background-images/328267571.jpg_]
[rebellug.com/collaborations.html]
[rebellug.com/uploads/8/2/1/0/82101198/img-6896_orig.jpg]
[rebellug.com/uploads/8/2/1/0/82101198/img-6948_1_orig.jpg]
[rebellug.com/uploads/8/2/1/0/82101198/img-6953_1.jpg]
[rebellug.com/uploads/8/2/1/0/82101198/img-7116_1.jpg]
[rebellug.com/uploads/8/2/1/0/82101198/img-7200_orig.jpg]
[rebellug.com/uploads/8/2/1/0/82101198/published/assembley-seq-v1-00-07-43-22-still003_19f2f.jpg]
[rebellug.com/uploads/8/2/1/0/82101198/published/assembley-seq-v1-00-07-32-07-still0018ec3.jpg]
[rebellug.com/uploads/8/2/1/0/82101198/editor/assembley-seq-v1-00-07-38-12-still0020313.jpg]
[rebellug.com/uploads/8/2/1/0/82101198/published/assembley-seq-v1-00-07-48-15-still004_19a63.jpg]
[rebellug.com/uploads/8/2/1/0/82101198/editor/img-20180309-171819661c866.jpg]
[rebellug.com/news/kockice-con-2018-recap.html]
[rebellug.com/uploads/8/2/1/0/82101198/img-6953_1_orig.jpg]
[rebellug.com/uploads/8/2/1/0/82101198/img-7116_1_orig.jpg]
[rebellug.com/2/post/2018/04/kockice-con-2018-recap.html]
[rebellug.com/news/squad-42-the-return.html]
[rebellug.com/2/post/2018/03/squad-42-the-return.html]
[rebellug.com/news/brick-conservation.html]
[rebellug.com/2/post/2018/03/brick-conservation.html]
[rebellug.com/news/effective-bricklinking.html]
[rebellug.com/uploads/8/2/1/0/82101198/published/screenshot-20180209-17211979da.png]
[rebellug.com/uploads/8/2/1/0/82101198/published/screenshot-20180209-1721243f81.png]
[rebellug.com/2/post/2018/02/effective-bricklinking.html]
[rebellug.com/news/bricking-bavaria-2017-recap.html]
[rebellug.com/uploads/8/2/1/0/82101198/image-4_1_orig.jpg]
[rebellug.com/uploads/8/2/1/0/82101198/image_orig.jpg]
[rebellug.com/2/post/2017/11/bricking-bavaria-2017-recap.html]
[rebellug.com/news/website-refresh.html]
[rebellug.com/2/post/2017/10/website-refresh.html]
[rebellug.com/news/from-then-to-now.html]
[rebellug.com/uploads/8/2/1/0/82101198/5210167689-fcf58437d9-o_orig.jpg]
[rebellug.com/uploads/8/2/1/0/82101198/published/auramoc1b1d7.png]
[rebellug.com/uploads/8/2/1/0/82101198/6245062820-22f8a5de5e-o_orig.jpg]
[rebellug.com/uploads/8/2/1/0/82101198/7694545360-aa9b642d68-o2_orig.jpg]
[rebellug.com/uploads/8/2/1/0/82101198/moc_orig.png]
[rebellug.com/uploads/8/2/1/0/82101198/published/13137013565-5484d9460c-oabdb.jpg]
[rebellug.com/uploads/8/2/1/0/82101198/published/21557831728-7e50105d43-of26e.jpg]
[rebellug.com/uploads/8/2/1/0/82101198/published/24344330812-b46d1b6907-ocf1d.jpg]
[rebellug.com/uploads/8/2/1/0/82101198/31360873640-a87286e103-o_1_orig.jpg]
[rebellug.com/2/post/2017/05/from-then-to-now.html]
[rebellug.com/news/finding-and-joining-a-lug.html]
[rebellug.com/2/post/2017/05/finding-and-joining-a-lug.html]
[rebellug.com/uploads/8/2/1/0/82101198/published/blurred-names9cfa.jpg]
[rebellug.com/news/attending-lego-conventions.html]
[rebellug.com/2/post/2017/04/attending-lego-conventions.html]
[rebellug.com/uploads/8/2/1/0/82101198/published/img-61798b00.jpg]
[rebellug.com/news/moc-blueprints.html]
[rebellug.com/uploads/8/2/1/0/82101198/published/img-6177ef7c.jpg]
[rebellug.com/uploads/8/2/1/0/82101198/published/img-61783707.jpg]
[rebellug.com/2/post/2017/04/moc-blueprints.html]
[rebellug.com/news/previous/2.html]
[rebellug.com/news/archives/04-2018.html]
[rebellug.com/news/archives/03-2018.html]
[rebellug.com/news/archives/02-2018.html]
[rebellug.com/news/archives/11-2017.html]
[rebellug.com/news/archives/10-2017.html]
[rebellug.com/news/archives/05-2017.html]
[rebellug.com/news/archives/04-2017.html]
[rebellug.com/news/archives/03-2017.html]
[rebellug.com/news/archives/02-2017.html]
[rebellug.com/news/archives/01-2017.html]
[rebellug.com/news/archives/12-2016.html]
[rebellug.com/news/archives/11-2016.html]
[rebellug.com/news/archives/08-2016.html]
[rebellug.com/news/archives/07-2016.html]
[rebellug.com/news.html]
[rebellug.com/_/uploads/8/2/1/0/82101198/background-images/1122654789.html]
[rebellug.com/cdn-cgi/l/email-protection.html]
[rebellug.com/news/archives/06-2016.html]
[rebellug.com/payload.js]
[rebellug.com/ABCDEFGHIJKLMNOPQRSTUVWXYZabcdefghijklmnopqrstuvwxyz0123456789+/index.html]
[rebellug.com/POST]
[cdn2.editmysite.com/js/wsnbn/snowday262.js]
[secure.quantserve.com/quant.js]
[rebellug.com/Before you execute the binding your view must have a model or a collection.html]
[rebellug.com/mustache.html]
[rebellug.com/GET.html]
[rebellug.com/formSubmit.html]
[rebellug.com/formSubmitAjax.html]
[rebellug.com/weebly/libraries/videojs/video-js.html]
[rebellug.com/AppleWebKit/index.html]
[rebellug.com/Mobile/index.html]
[cdn2.editmysite.com/css/sites5eae.css]
[cdn2.editmysite.com/js/site/main5eae.js]
[cdn2.editmysite.com/js/lang/en/stlf8d1.js]
[rebellug.com/_/uploads/8/2/1/0/82101198/background-images/938569086.html]
[rebellug.com/_/uploads/8/2/1/0/82101198/background-images/717889963.html]
[rebellug.com/_/uploads/8/2/1/0/82101198/background-images/2067455585.html]
[rebellug.com/_/uploads/8/2/1/0/82101198/background-images/804550967.html]
[rebellug.com/_/uploads/8/2/1/0/82101198/background-images/328267571.html]
[rebellug.com/news/kockice-con-2018-recap.html]
[rebellug.com/2/post/2018/04/kockice-con-2018-recap.html]
[rebellug.com/news/squad-42-the-return.html]
[rebellug.com/files/theme/images/default-bgb77c.jpg]
[rebellug.com/2/post/2018/03/squad-42-the-return.html]
[rebellug.com/news/brick-conservation.html]
[rebellug.com/2/post/2018/03/brick-conservation.html]
[rebellug.com/news/effective-bricklinking.html]
[rebellug.com/2/post/2018/02/effective-bricklinking.html]
[rebellug.com/news/bricking-bavaria-2017-recap.html]
[rebellug.com/2/post/2017/11/bricking-bavaria-2017-recap.html]
[rebellug.com/news/website-refresh.html]
[rebellug.com/2/post/2017/10/website-refresh.html]
[rebellug.com/news/from-then-to-now.html]
[rebellug.com/2/post/2017/05/from-then-to-now.html]
[rebellug.com/news/finding-and-joining-a-lug.html]
[rebellug.com/2/post/2017/05/finding-and-joining-a-lug.html]
[rebellug.com/news/attending-lego-conventions.html]
[rebellug.com/2/post/2017/04/attending-lego-conventions.html]
[cdn2.editmysite.com/css/sites6d58.css]
[cdn2.editmysite.com/js/site/main6d58.js]
[cdn2.editmysite.com/js/lang/en/stl02e4.js]
[rebellug.com/news/moc-blueprints.html]
[rebellug.com/2/post/2017/04/moc-blueprints.html]
[rebellug.com/uploads/8/2/1/0/82101198/snowman.jpg]
[rebellug.com/uploads/8/2/1/0/82101198/mosaics.jpg]
[rebellug.com/uploads/8/2/1/0/82101198/santa.jpg]
[rebellug.com/uploads/8/2/1/0/82101198/editor/32353840280-18de78ec78-o7f61.jpg]
[rebellug.com/uploads/8/2/1/0/82101198/published/anders-bend4f3b.png]
[rebellug.com/news/a-word-on-lego-investing.html]
[rebellug.com/2/post/2017/04/a-word-on-lego-investing.html]
[rebellug.com/news/help-where-do-i-get-my-mocs-exposed.html]
[rebellug.com/2/post/2017/04/help-where-do-i-get-my-mocs-exposed.html]
[rebellug.com/news/everything-about-sorting-on-the-table.html]
[rebellug.com/2/post/2017/03/everything-about-sorting-on-the-table.html]
[rebellug.com/news/lego-mocs-for-gifts.html]
[rebellug.com/2/post/2017/02/lego-mocs-for-gifts.html]
[rebellug.com/news/plastic-to-hold-more-plastic.html]
[rebellug.com/2/post/2017/02/plastic-to-hold-more-plastic.html]
[rebellug.com/news/discouraged-over-broken-bricks.html]
[rebellug.com/2/post/2017/02/discouraged-over-broken-bricks.html]
[rebellug.com/news/buying-brick-part-two.html]
[rebellug.com/2/post/2017/01/buying-brick-part-two.html]
[rebellug.com/news/buying-brick-part-one.html]
[rebellug.com/2/post/2016/12/buying-brick-part-one.html]
[rebellug.com/news/rogue-one-contest.html]
[rebellug.com/2/post/2016/12/rogue-one-contest.html]
[rebellug.com/news/a-word-on-mass-sorting.html]
[rebellug.com/2/post/2016/11/a-word-on-mass-sorting.html]
[rebellug.com/news/previous/3.html]
[rebellug.com/news/previous/2.html]
[rebellug.com/news/archives/04-2018.html]
[rebellug.com/2/archives/04-2018.html]
[rebellug.com/news/archives/03-2018.html]
[rebellug.com/2/archives/03-2018.html]
[rebellug.com/news/archives/02-2018.html]
[rebellug.com/2/archives/02-2018.html]
[rebellug.com/news/archives/11-2017.html]
[rebellug.com/2/archives/11-2017.html]
[rebellug.com/news/archives/10-2017.html]
[rebellug.com/2/archives/10-2017.html]
[rebellug.com/news/archives/05-2017.html]
[rebellug.com/2/archives/05-2017.html]
[rebellug.com/news/archives/04-2017.html]
[rebellug.com/2/archives/04-2017.html]
[rebellug.com/news/archives/03-2017.html]
[rebellug.com/2/archives/03-2017.html]
[rebellug.com/news/archives/02-2017.html]
[rebellug.com/2/archives/02-2017.html]
[rebellug.com/news/archives/01-2017.html]
[rebellug.com/2/archives/01-2017.html]
[rebellug.com/news/archives/12-2016.html]
[rebellug.com/2/archives/12-2016.html]
[rebellug.com/2/archives/11-2016.html]
[rebellug.com/news/taking-it-to-the-extreme.html]
[rebellug.com/2/post/2016/11/taking-it-to-the-extreme.html]
[rebellug.com/news/blog-kickstart.html]
[rebellug.com/news/archives/11-2016.html]
[rebellug.com/2/post/2016/11/blog-kickstart.html]
[rebellug.com/uploads/8/2/1/0/82101198/img-7338_orig.jpg]
[rebellug.com/2/archives/08-2016.html]
[rebellug.com/news/brickfair-virginia-2016.html]
[rebellug.com/news/archives/08-2016.html]
[rebellug.com/2/post/2016/08/brickfair-virginia-2016.html]
[rebellug.com/uploads/8/2/1/0/82101198/img-7383_orig.jpg]
[rebellug.com/2/archives/07-2016.html]
[rebellug.com/news/brickworld-is-over.html]
[rebellug.com/news/archives/07-2016.html]
[rebellug.com/2/post/2016/07/brickworld-is-over.html]
[rebellug.com/uploads/8/2/1/0/82101198/3410723_orig.jpg]
[rebellug.com/2/archives/06-2016.html]
[rebellug.com/news/rebellug-goes-to-brickworld-chicago.html]
[rebellug.com/2/post/2016/06/rebellug-goes-to-brickworld-chicago.html]
[rebellug.com/news/archives/06-2016.html]
[rebellug.com/ABCDEFGHIJKLMNOPQRSTUVWXYZabcdefghijklmnopqrstuvwxyz0123456789+/index.html]
[rebellug.com/payload.html]
[rebellug.com/POST.html]
[cdn2.editmysite.com/css/sites6d58.css]
[rebellug.com/news/Before you execute the binding your view must have a model or a collection]
[rebellug.com/news/mustache.js]
[rebellug.com/news/GET]
[rebellug.com/news/formSubmit.php]
[rebellug.com/news/formSubmitAjax.php]
[cdn2.editmysite.com/js/site/main6d58.js]
[rebellug.com/news/Mobile/index.html]
[rebellug.com/news/AppleWebKit/index.html]
[cdn2.editmysite.com/js/lang/en/stl02e4.js]
[rebellug.com/news/a-word-on-lego-investing.html]
[rebellug.com/2/post/2017/04/a-word-on-lego-investing.html]
[rebellug.com/news/help-where-do-i-get-my-mocs-exposed.html]
[rebellug.com/2/post/2017/04/help-where-do-i-get-my-mocs-exposed.html]
[rebellug.com/news/everything-about-sorting-on-the-table.html]
[rebellug.com/2/post/2017/03/everything-about-sorting-on-the-table.html]
[rebellug.com/news/lego-mocs-for-gifts.html]
[rebellug.com/2/post/2017/02/lego-mocs-for-gifts.html]
[rebellug.com/news/plastic-to-hold-more-plastic.html]
[rebellug.com/2/post/2017/02/plastic-to-hold-more-plastic.html]
[rebellug.com/news/discouraged-over-broken-bricks.html]
[rebellug.com/2/post/2017/02/discouraged-over-broken-bricks.html]
[rebellug.com/news/buying-brick-part-two.html]
[rebellug.com/2/post/2017/01/buying-brick-part-two.html]
[rebellug.com/news/buying-brick-part-one.html]
[rebellug.com/2/post/2016/12/buying-brick-part-one.html]
[rebellug.com/news/rogue-one-contest.html]
[rebellug.com/2/post/2016/12/rogue-one-contest.html]
[rebellug.com/news/a-word-on-mass-sorting.html]
[rebellug.com/2/post/2016/11/a-word-on-mass-sorting.html]
[rebellug.com/news/previous/3.html]
[rebellug.com/2/archives/04-2018.html]
[rebellug.com/2/archives/03-2018.html]
[rebellug.com/2/archives/02-2018.html]
[rebellug.com/2/archives/11-2017.html]
[rebellug.com/2/archives/10-2017.html]
[rebellug.com/2/archives/05-2017.html]
[rebellug.com/2/archives/04-2017.html]
[rebellug.com/2/archives/03-2017.html]
[rebellug.com/2/archives/02-2017.html]
[rebellug.com/2/archives/01-2017.html]
[rebellug.com/2/archives/12-2016.html]
[rebellug.com/2/archives/11-2016.html]
[rebellug.com/news/taking-it-to-the-extreme.html]
[rebellug.com/2/post/2016/11/taking-it-to-the-extreme.html]
[rebellug.com/news/blog-kickstart.html]
[rebellug.com/2/post/2016/11/blog-kickstart.html]
[rebellug.com/2/archives/08-2016.html]
[rebellug.com/uploads/8/2/1/0/82101198/img-7339_orig.jpg]
[rebellug.com/uploads/8/2/1/0/82101198/img-7340_orig.jpg]
[cdn2.editmysite.com/css/sites43dd.css]
[cdn2.editmysite.com/js/site/main43dd.js]
[cdn2.editmysite.com/js/lang/en/stlef04.js]
[rebellug.com/news/brickfair-virginia-2016.html]
[rebellug.com/2/post/2016/08/brickfair-virginia-2016.html]
[rebellug.com/2/archives/07-2016.html]
[rebellug.com/uploads/8/2/1/0/82101198/img-6914_orig.jpg]
[rebellug.com/uploads/8/2/1/0/82101198/img-6925_orig.jpg]
[rebellug.com/uploads/8/2/1/0/82101198/img-7421_orig.jpg]
[rebellug.com/uploads/8/2/1/0/82101198/img-7389_orig.jpg]
[rebellug.com/uploads/8/2/1/0/82101198/img-7418_orig.jpg]
[rebellug.com/news/brickworld-is-over.html]
[rebellug.com/2/post/2016/07/brickworld-is-over.html]
[rebellug.com/2/archives/06-2016.html]
[rebellug.com/news/rebellug-goes-to-brickworld-chicago.html]
[rebellug.com/2/post/2016/06/rebellug-goes-to-brickworld-chicago.html]
[rebellug.com/news/Before you execute the binding your view must have a model or a collection.html]
[rebellug.com/news/mustache.html]
[rebellug.com/news/GET.html]
[rebellug.com/news/formSubmit.html]
[rebellug.com/news/formSubmitAjax.html]
[rebellug.com/news/AppleWebKit/index.html]
[rebellug.com/news/Mobile/index.html]
[cdn2.editmysite.com/css/sites43dd.css]
[cdn2.editmysite.com/js/site/main43dd.js]
[cdn2.editmysite.com/js/lang/en/stlef04.js]
